// Vitest Snapshot v1

exports[`Datepicker > should render properly with format YYYY 1`] = `
<div>
  <div
    class="lunatic-input"
  >
    <div
      class="lunaticDatepickerFields"
    >
      <div
        class="lunaticDatepickerField lunaticDatepickerFieldLarge"
      >
        <label
          for="datepickeryear"
        >
          Année
          <span
            class="lunaticDatepickerHint"
          >
            Exemple: 2023
          </span>
        </label>
        <input
          id="datepickeryear"
          max="9999"
          min="1"
          type="number"
          value="1999"
        />
      </div>
    </div>
  </div>
</div>
`;

exports[`Datepicker > should render properly with format YYYY-MM 1`] = `
<div>
  <div
    class="lunatic-input"
  >
    <div
      class="lunaticDatepickerFields"
    >
      <div
        class="lunaticDatepickerField"
      >
        <label
          for="datepickermonth"
        >
          Mois
          <span
            class="lunaticDatepickerHint"
          >
            Exemple: 07
          </span>
        </label>
        <input
          id="datepickermonth"
          max="12"
          min="1"
          type="number"
          value="1"
        />
      </div>
      <div
        class="lunaticDatepickerField lunaticDatepickerFieldLarge"
      >
        <label
          for="datepickeryear"
        >
          Année
          <span
            class="lunaticDatepickerHint"
          >
            Exemple: 2023
          </span>
        </label>
        <input
          id="datepickeryear"
          max="9999"
          min="1"
          type="number"
          value="1999"
        />
      </div>
    </div>
  </div>
</div>
`;

exports[`Datepicker > should render properly with format YYYY-MM-DD 1`] = `
<div>
  <div
    class="lunatic-input"
  >
    <div
      class="lunaticDatepickerFields"
    >
      <div
        class="lunaticDatepickerField"
      >
        <label
          for="datepickerday"
        >
          Jour
          <span
            class="lunaticDatepickerHint"
          >
            Exemple: 14
          </span>
        </label>
        <input
          id="datepickerday"
          max="31"
          min="1"
          type="number"
          value="1"
        />
      </div>
      <div
        class="lunaticDatepickerField"
      >
        <label
          for="datepickermonth"
        >
          Mois
          <span
            class="lunaticDatepickerHint"
          >
            Exemple: 07
          </span>
        </label>
        <input
          id="datepickermonth"
          max="12"
          min="1"
          type="number"
          value="1"
        />
      </div>
      <div
        class="lunaticDatepickerField lunaticDatepickerFieldLarge"
      >
        <label
          for="datepickeryear"
        >
          Année
          <span
            class="lunaticDatepickerHint"
          >
            Exemple: 2023
          </span>
        </label>
        <input
          id="datepickeryear"
          max="9999"
          min="1"
          type="number"
          value="1999"
        />
      </div>
    </div>
  </div>
</div>
`;
