// Vitest Snapshot v1

exports[`RosterForLoop > renders the right number of columns 1`] = `
<div>
  <label
    class="lunatic-label"
    for="table"
    id="label-table"
  >
    Ceci est un test
  </label>
  <table
    class="lunatic-table"
    id="table-table"
  >
    <tbody
      class="lunatic-table-tbody"
    >
      <tr
        class="lunatic-table-tr"
      >
        <td
          class="lunatic-table-td"
        >
          <div
            class="field-container"
          >
            <div
              class="field"
            >
              <div
                class="lunatic-input"
              >
                <input
                  aria-invalid="false"
                  aria-labelledby="label-jrc3ye5q-QOP-lo6tcvvx-0"
                  autocomplete="off"
                  id="jrc3ye5q-QOP-lo6tcvvx-0"
                  maxlength="249"
                  type="text"
                  value="azeaze"
                />
              </div>
            </div>
          </div>
        </td>
      </tr>
      <tr
        class="lunatic-table-tr"
      >
        <td
          class="lunatic-table-td"
        >
          <div
            class="field-container"
          >
            <div
              class="field"
            >
              <div
                class="lunatic-input"
              >
                <input
                  aria-invalid="false"
                  aria-labelledby="label-jrc3ye5q-QOP-lo6tcvvx-1"
                  autocomplete="off"
                  id="jrc3ye5q-QOP-lo6tcvvx-1"
                  maxlength="249"
                  type="text"
                  value="azeaze"
                />
              </div>
            </div>
          </div>
        </td>
      </tr>
    </tbody>
  </table>
  <input
    class="button-lunatic"
    type="button"
    value="Add row"
  />
  <input
    class="button-lunatic"
    type="button"
    value="Remove row"
  />
</div>
`;
