// Vitest Snapshot v1

exports[`Duration > renders without crashing 1`] = `
{
  "asFragment": [Function],
  "baseElement": <body>
    <div>
      <div
        class="field-container"
      >
        <div
          class="field"
        >
          <div
            class="container"
          >
            <div />
            <div
              class="field-group"
            >
              <div
                class="input-field-group"
              >
                <label
                  class="input-label"
                  for="hoursInput"
                >
                  Heures:
                </label>
                <input
                  class="input-field"
                  id="hoursInput"
                  max="23"
                  min="0"
                  type="number"
                  value=""
                />
              </div>
              <div
                class="input-field-group"
              >
                <label
                  class="input-label"
                  for="minutesInput"
                >
                  Minutes:
                </label>
                <input
                  class="input-field"
                  id="minutesInput"
                  max="59"
                  min="0"
                  type="number"
                  value=""
                />
              </div>
            </div>
          </div>
        </div>
      </div>
    </div>
  </body>,
  "container": <div>
    <div
      class="field-container"
    >
      <div
        class="field"
      >
        <div
          class="container"
        >
          <div />
          <div
            class="field-group"
          >
            <div
              class="input-field-group"
            >
              <label
                class="input-label"
                for="hoursInput"
              >
                Heures:
              </label>
              <input
                class="input-field"
                id="hoursInput"
                max="23"
                min="0"
                type="number"
                value=""
              />
            </div>
            <div
              class="input-field-group"
            >
              <label
                class="input-label"
                for="minutesInput"
              >
                Minutes:
              </label>
              <input
                class="input-field"
                id="minutesInput"
                max="59"
                min="0"
                type="number"
                value=""
              />
            </div>
          </div>
        </div>
      </div>
    </div>
  </div>,
  "debug": [Function],
  "findAllByAltText": [Function],
  "findAllByDisplayValue": [Function],
  "findAllByLabelText": [Function],
  "findAllByPlaceholderText": [Function],
  "findAllByRole": [Function],
  "findAllByTestId": [Function],
  "findAllByText": [Function],
  "findAllByTitle": [Function],
  "findByAltText": [Function],
  "findByDisplayValue": [Function],
  "findByLabelText": [Function],
  "findByPlaceholderText": [Function],
  "findByRole": [Function],
  "findByTestId": [Function],
  "findByText": [Function],
  "findByTitle": [Function],
  "getAllByAltText": [Function],
  "getAllByDisplayValue": [Function],
  "getAllByLabelText": [Function],
  "getAllByPlaceholderText": [Function],
  "getAllByRole": [Function],
  "getAllByTestId": [Function],
  "getAllByText": [Function],
  "getAllByTitle": [Function],
  "getByAltText": [Function],
  "getByDisplayValue": [Function],
  "getByLabelText": [Function],
  "getByPlaceholderText": [Function],
  "getByRole": [Function],
  "getByTestId": [Function],
  "getByText": [Function],
  "getByTitle": [Function],
  "queryAllByAltText": [Function],
  "queryAllByDisplayValue": [Function],
  "queryAllByLabelText": [Function],
  "queryAllByPlaceholderText": [Function],
  "queryAllByRole": [Function],
  "queryAllByTestId": [Function],
  "queryAllByText": [Function],
  "queryAllByTitle": [Function],
  "queryByAltText": [Function],
  "queryByDisplayValue": [Function],
  "queryByLabelText": [Function],
  "queryByPlaceholderText": [Function],
  "queryByRole": [Function],
  "queryByTestId": [Function],
  "queryByText": [Function],
  "queryByTitle": [Function],
  "rerender": [Function],
  "unmount": [Function],
}
`;
